INFO:synpp:Found 24 stages
INFO:synpp:Found pipeline metadata in /cluster/scratch/asallard/eqasim/test_population/cache/pipeline.json
INFO:synpp:Devalidating 6 stages:
INFO:synpp:- data.statpop.scaled__e422b5923d8d46c26a873fb04357fa74
INFO:synpp:- data.microcensus.persons__58df2d117fb52c6d86414767ceac33ad
INFO:synpp:- data.statpop.statpop__10fc00797ea0a06ee93dbb06adf1aa60
INFO:synpp:- data.census.selected__3a2e95408e42f0918dc999855b212fdd
INFO:synpp:- synthesis.population.sampled__3deb8d186681e9db5586ade370b41ca3
INFO:synpp:- synthesis.population.matched_recursive__36640e5e8872f251c4c2326435553ad5
INFO:synpp:Successfully reset meta data
INFO:synpp:Executing stage data.statpop.statpop__10fc00797ea0a06ee93dbb06adf1aa60 ...
INFO:synpp:Loading cache for data.statpop.persons__6469babfa67ac3ae15ee813afc2e1aed ...
INFO:synpp:Loading cache for data.statpop.households__6469babfa67ac3ae15ee813afc2e1aed ...
INFO:synpp:Loading cache for data.statpop.link__6469babfa67ac3ae15ee813afc2e1aed ...
INFO:synpp:Loading cache for data.spatial.municipalities__6469babfa67ac3ae15ee813afc2e1aed ...
INFO:synpp:Loading cache for data.spatial.zones__6469babfa67ac3ae15ee813afc2e1aed ...
INFO:synpp:Loading cache for data.spatial.municipality_types__6469babfa67ac3ae15ee813afc2e1aed ...
INFO:synpp:Loading cache for data.spatial.quarters__6469babfa67ac3ae15ee813afc2e1aed ...
INFO:synpp:Loading cache for data.spatial.cantons__6469babfa67ac3ae15ee813afc2e1aed ...
INFO:synpp:Converting home coordinates 1/781 (0.13%) [43.72it/s] RT 0s ETA 17s
INFO:synpp:Converting home coordinates 106/781 (13.57%) [103.58it/s] RT 1s ETA 6s
INFO:synpp:Converting home coordinates 237/781 (30.35%) [109.51it/s] RT 2s ETA 4s
INFO:synpp:Converting home coordinates 382/781 (48.91%) [120.64it/s] RT 3s ETA 3s
INFO:synpp:Converting home coordinates 575/781 (73.62%) [137.94it/s] RT 4s ETA 1s
INFO:synpp:Converting home coordinates 749/781 (95.90%) [144.87it/s] RT 5s ETA 0s
INFO:synpp:Converting home coordinates 781/781 (100.00%) [135.24it/s] RT 5s ETA 0s
INFO:synpp:Imputing municipality zones onto home points... 1/781 (0.13%) [38.15it/s] RT 0s ETA 20s
INFO:synpp:Imputing municipality zones onto home points... 84/781 (10.76%) [81.04it/s] RT 1s ETA 8s
INFO:synpp:Imputing municipality zones onto home points... 170/781 (21.77%) [83.15it/s] RT 2s ETA 7s
INFO:synpp:Imputing municipality zones onto home points... 250/781 (32.01%) [81.89it/s] RT 3s ETA 6s
INFO:synpp:Imputing municipality zones onto home points... 329/781 (42.13%) [80.95it/s] RT 4s ETA 5s
INFO:synpp:Imputing municipality zones onto home points... 410/781 (52.50%) [80.95it/s] RT 5s ETA 4s
INFO:synpp:Imputing municipality zones onto home points... 491/781 (62.87%) [80.89it/s] RT 6s ETA 3s
INFO:synpp:Imputing municipality zones onto home points... 572/781 (73.24%) [80.85it/s] RT 7s ETA 2s
INFO:synpp:Imputing municipality zones onto home points... 653/781 (83.61%) [80.78it/s] RT 8s ETA 1s
INFO:synpp:Imputing municipality zones onto home points... 734/781 (93.98%) [80.71it/s] RT 9s ETA 0s
INFO:synpp:Imputing municipality zones onto home points... 781/781 (100.00%) [80.74it/s] RT 9s ETA 0s
INFO:synpp:Imputing quarter zones onto home points... 1/781 (0.13%) [9.67it/s] RT 0s ETA 01:20
INFO:synpp:Imputing quarter zones onto home points... 105/781 (13.44%) [94.55it/s] RT 1s ETA 7s
INFO:synpp:Imputing quarter zones onto home points... 186/781 (23.82%) [87.99it/s] RT 2s ETA 6s
INFO:synpp:Imputing quarter zones onto home points... 298/781 (38.16%) [95.55it/s] RT 3s ETA 5s
INFO:synpp:Imputing quarter zones onto home points... 404/781 (51.73%) [98.02it/s] RT 4s ETA 3s
INFO:synpp:Imputing quarter zones onto home points... 515/781 (65.94%) [100.41it/s] RT 5s ETA 2s
INFO:synpp:Imputing quarter zones onto home points... 627/781 (80.28%) [102.11it/s] RT 6s ETA 1s
INFO:synpp:Imputing quarter zones onto home points... 734/781 (93.98%) [102.74it/s] RT 7s ETA 0s
INFO:synpp:Imputing quarter zones onto home points... 781/781 (100.00%) [102.35it/s] RT 7s ETA 0s
INFO:synpp:Imputing canton zones onto home points... 1/781 (0.13%) [9.10it/s] RT 0s ETA 01:25
INFO:synpp:Imputing canton zones onto home points... 86/781 (11.01%) [77.13it/s] RT 1s ETA 9s
INFO:synpp:Imputing canton zones onto home points... 171/781 (21.90%) [80.63it/s] RT 2s ETA 7s
INFO:synpp:Imputing canton zones onto home points... 255/781 (32.65%) [81.56it/s] RT 3s ETA 6s
INFO:synpp:Imputing canton zones onto home points... 326/781 (41.74%) [78.74it/s] RT 4s ETA 5s
INFO:synpp:Imputing canton zones onto home points... 381/781 (48.78%) [73.75it/s] RT 5s ETA 5s
INFO:synpp:Imputing canton zones onto home points... 447/781 (57.23%) [72.34it/s] RT 6s ETA 4s
INFO:synpp:Imputing canton zones onto home points... 522/781 (66.84%) [72.70it/s] RT 7s ETA 3s
INFO:synpp:Imputing canton zones onto home points... 576/781 (73.75%) [70.38it/s] RT 8s ETA 2s
INFO:synpp:Imputing canton zones onto home points... 657/781 (84.12%) [71.45it/s] RT 9s ETA 1s
INFO:synpp:Imputing canton zones onto home points... 727/781 (93.09%) [71.24it/s] RT 10s ETA 0s
INFO:synpp:Imputing canton zones onto home points... 781/781 (100.00%) [70.82it/s] RT 11s ETA 0s
INFO:synpp:Loading cache for data.statpop.density__6469babfa67ac3ae15ee813afc2e1aed ...
INFO:synpp:Imputing population density... 1/78 (1.28%) [3.77s/it] RT 3s ETA 04:50
INFO:synpp:Imputing population density... 2/78 (2.56%) [4.60s/it] RT 9s ETA 05:49
INFO:synpp:Imputing population density... 3/78 (3.85%) [4.63s/it] RT 13s ETA 05:47
INFO:synpp:Imputing population density... 4/78 (5.13%) [4.64s/it] RT 18s ETA 05:43
INFO:synpp:Imputing population density... 5/78 (6.41%) [4.76s/it] RT 23s ETA 05:47
INFO:synpp:Imputing population density... 6/78 (7.69%) [4.84s/it] RT 29s ETA 05:48
INFO:synpp:Imputing population density... 7/78 (8.97%) [4.85s/it] RT 33s ETA 05:44
INFO:synpp:Imputing population density... 8/78 (10.26%) [4.83s/it] RT 38s ETA 05:38
INFO:synpp:Imputing population density... 9/78 (11.54%) [5.02s/it] RT 45s ETA 05:46
INFO:synpp:Imputing population density... 10/78 (12.82%) [5.21s/it] RT 52s ETA 05:54
INFO:synpp:Imputing population density... 11/78 (14.10%) [5.84s/it] RT 01:04 ETA 06:31
INFO:synpp:Imputing population density... 12/78 (15.38%) [6.39s/it] RT 01:16 ETA 07:01
INFO:synpp:Imputing population density... 13/78 (16.67%) [6.87s/it] RT 01:29 ETA 07:26
INFO:synpp:Imputing population density... 14/78 (17.95%) [7.04s/it] RT 01:38 ETA 07:30
INFO:synpp:Imputing population density... 15/78 (19.23%) [7.05s/it] RT 01:45 ETA 07:24
INFO:synpp:Imputing population density... 16/78 (20.51%) [7.17s/it] RT 01:54 ETA 07:24
INFO:synpp:Imputing population density... 17/78 (21.79%) [7.15s/it] RT 02:01 ETA 07:16
INFO:synpp:Imputing population density... 18/78 (23.08%) [6.98s/it] RT 02:05 ETA 06:58
INFO:synpp:Imputing population density... 19/78 (24.36%) [6.74s/it] RT 02:08 ETA 06:37
INFO:synpp:Imputing population density... 20/78 (25.64%) [6.55s/it] RT 02:11 ETA 06:20
INFO:synpp:Imputing population density... 21/78 (26.92%) [6.40s/it] RT 02:14 ETA 06:04
INFO:synpp:Imputing population density... 22/78 (28.21%) [6.24s/it] RT 02:17 ETA 05:49
INFO:synpp:Imputing population density... 23/78 (29.49%) [6.18s/it] RT 02:22 ETA 05:40
INFO:synpp:Imputing population density... 24/78 (30.77%) [6.09s/it] RT 02:26 ETA 05:28
INFO:synpp:Imputing population density... 25/78 (32.05%) [6.12s/it] RT 02:33 ETA 05:24
INFO:synpp:Imputing population density... 26/78 (33.33%) [6.15s/it] RT 02:39 ETA 05:19
INFO:synpp:Imputing population density... 27/78 (34.62%) [6.03s/it] RT 02:42 ETA 05:07
INFO:synpp:Imputing population density... 28/78 (35.90%) [5.92s/it] RT 02:45 ETA 04:56
INFO:synpp:Imputing population density... 29/78 (37.18%) [5.81s/it] RT 02:48 ETA 04:44
INFO:synpp:Imputing population density... 30/78 (38.46%) [5.71s/it] RT 02:51 ETA 04:34
INFO:synpp:Imputing population density... 31/78 (39.74%) [5.67s/it] RT 02:55 ETA 04:26
INFO:synpp:Imputing population density... 32/78 (41.03%) [5.58s/it] RT 02:58 ETA 04:16
INFO:synpp:Imputing population density... 33/78 (42.31%) [5.56s/it] RT 03:03 ETA 04:10
INFO:synpp:Imputing population density... 34/78 (43.59%) [5.47s/it] RT 03:05 ETA 04:00
INFO:synpp:Imputing population density... 35/78 (44.87%) [5.42s/it] RT 03:09 ETA 03:53
INFO:synpp:Imputing population density... 36/78 (46.15%) [5.39s/it] RT 03:14 ETA 03:46
INFO:synpp:Imputing population density... 37/78 (47.44%) [5.48s/it] RT 03:22 ETA 03:44
INFO:synpp:Imputing population density... 38/78 (48.72%) [5.66s/it] RT 03:35 ETA 03:46
INFO:synpp:Imputing population density... 39/78 (50.00%) [5.74s/it] RT 03:43 ETA 03:43
INFO:synpp:Imputing population density... 40/78 (51.28%) [5.77s/it] RT 03:50 ETA 03:39
INFO:synpp:Imputing population density... 41/78 (52.56%) [5.72s/it] RT 03:54 ETA 03:31
INFO:synpp:Imputing population density... 42/78 (53.85%) [5.67s/it] RT 03:58 ETA 03:24
INFO:synpp:Imputing population density... 43/78 (55.13%) [5.66s/it] RT 04:03 ETA 03:18
INFO:synpp:Imputing population density... 44/78 (56.41%) [5.63s/it] RT 04:07 ETA 03:11
INFO:synpp:Imputing population density... 45/78 (57.69%) [5.57s/it] RT 04:10 ETA 03:03
INFO:synpp:Imputing population density... 46/78 (58.97%) [5.51s/it] RT 04:13 ETA 02:56
INFO:synpp:Imputing population density... 47/78 (60.26%) [5.47s/it] RT 04:17 ETA 02:49
INFO:synpp:Imputing population density... 48/78 (61.54%) [5.40s/it] RT 04:19 ETA 02:42
INFO:synpp:Imputing population density... 49/78 (62.82%) [5.34s/it] RT 04:21 ETA 02:34
INFO:synpp:Imputing population density... 50/78 (64.10%) [5.33s/it] RT 04:26 ETA 02:29
INFO:synpp:Imputing population density... 51/78 (65.38%) [5.32s/it] RT 04:31 ETA 02:23
INFO:synpp:Imputing population density... 52/78 (66.67%) [5.30s/it] RT 04:35 ETA 02:17
INFO:synpp:Imputing population density... 53/78 (67.95%) [5.26s/it] RT 04:38 ETA 02:11
INFO:synpp:Imputing population density... 54/78 (69.23%) [5.22s/it] RT 04:41 ETA 02:05
INFO:synpp:Imputing population density... 55/78 (70.51%) [5.19s/it] RT 04:45 ETA 01:59
INFO:synpp:Imputing population density... 56/78 (71.79%) [5.14s/it] RT 04:48 ETA 01:53
INFO:synpp:Imputing population density... 57/78 (73.08%) [5.10s/it] RT 04:50 ETA 01:47
INFO:synpp:Imputing population density... 58/78 (74.36%) [5.07s/it] RT 04:53 ETA 01:41
INFO:synpp:Imputing population density... 59/78 (75.64%) [5.03s/it] RT 04:57 ETA 01:35
INFO:synpp:Imputing population density... 60/78 (76.92%) [5.05s/it] RT 05:02 ETA 01:30
INFO:synpp:Imputing population density... 61/78 (78.21%) [5.03s/it] RT 05:06 ETA 01:25
INFO:synpp:Imputing population density... 62/78 (79.49%) [4.98s/it] RT 05:08 ETA 01:19
INFO:synpp:Imputing population density... 63/78 (80.77%) [5.01s/it] RT 05:15 ETA 01:15
INFO:synpp:Imputing population density... 64/78 (82.05%) [5.09s/it] RT 05:25 ETA 01:11
INFO:synpp:Imputing population density... 65/78 (83.33%) [5.12s/it] RT 05:32 ETA 01:06
INFO:synpp:Imputing population density... 66/78 (84.62%) [5.09s/it] RT 05:35 ETA 01:01
INFO:synpp:Imputing population density... 67/78 (85.90%) [5.05s/it] RT 05:38 ETA 55s
INFO:synpp:Imputing population density... 68/78 (87.18%) [5.04s/it] RT 05:42 ETA 50s
INFO:synpp:Imputing population density... 69/78 (88.46%) [5.00s/it] RT 05:45 ETA 45s
INFO:synpp:Imputing population density... 70/78 (89.74%) [4.97s/it] RT 05:47 ETA 39s
INFO:synpp:Imputing population density... 71/78 (91.03%) [4.95s/it] RT 05:51 ETA 34s
INFO:synpp:Imputing population density... 72/78 (92.31%) [4.92s/it] RT 05:54 ETA 29s
INFO:synpp:Imputing population density... 73/78 (93.59%) [4.89s/it] RT 05:57 ETA 24s
INFO:synpp:Imputing population density... 74/78 (94.87%) [4.93s/it] RT 06:04 ETA 19s
INFO:synpp:Imputing population density... 75/78 (96.15%) [5.04s/it] RT 06:17 ETA 15s
INFO:synpp:Imputing population density... 76/78 (97.44%) [5.13s/it] RT 06:29 ETA 10s
INFO:synpp:Imputing population density... 77/78 (98.72%) [5.16s/it] RT 06:37 ETA 5s
INFO:synpp:Imputing population density... 78/78 (100.00%) [5.14s/it] RT 06:40 ETA 0s
INFO:synpp:Loading cache for data.spatial.ovgk__10fc00797ea0a06ee93dbb06adf1aa60 ...
INFO:synpp:Imputing ÖV Güteklasse... 1/1000 (0.10%) [26.25it/s] RT 0s ETA 38s
INFO:synpp:Imputing ÖV Güteklasse... 65/1000 (6.50%) [62.13it/s] RT 1s ETA 15s
INFO:synpp:Imputing ÖV Güteklasse... 111/1000 (11.10%) [54.09it/s] RT 2s ETA 16s
INFO:synpp:Imputing ÖV Güteklasse... 172/1000 (17.20%) [56.28it/s] RT 3s ETA 14s
INFO:synpp:Imputing ÖV Güteklasse... 228/1000 (22.80%) [56.12it/s] RT 4s ETA 13s
INFO:synpp:Imputing ÖV Güteklasse... 300/1000 (30.00%) [59.18it/s] RT 5s ETA 11s
INFO:synpp:Imputing ÖV Güteklasse... 367/1000 (36.70%) [60.43it/s] RT 6s ETA 10s
INFO:synpp:Imputing ÖV Güteklasse... 442/1000 (44.20%) [62.37it/s] RT 7s ETA 8s
INFO:synpp:Imputing ÖV Güteklasse... 509/1000 (50.90%) [62.81it/s] RT 8s ETA 7s
INFO:synpp:Imputing ÖV Güteklasse... 567/1000 (56.70%) [62.21it/s] RT 9s ETA 6s
INFO:synpp:Imputing ÖV Güteklasse... 640/1000 (64.00%) [63.23it/s] RT 10s ETA 5s
INFO:synpp:Imputing ÖV Güteklasse... 709/1000 (70.90%) [63.68it/s] RT 11s ETA 4s
INFO:synpp:Imputing ÖV Güteklasse... 781/1000 (78.10%) [64.34it/s] RT 12s ETA 3s
INFO:synpp:Imputing ÖV Güteklasse... 840/1000 (84.00%) [63.88it/s] RT 13s ETA 2s
INFO:synpp:Imputing ÖV Güteklasse... 914/1000 (91.40%) [64.59it/s] RT 14s ETA 1s
INFO:synpp:Imputing ÖV Güteklasse... 973/1000 (97.30%) [64.18it/s] RT 15s ETA 0s
INFO:synpp:Imputing ÖV Güteklasse... 1000/1000 (100.00%) [64.00it/s] RT 15s ETA 0s
INFO:synpp:Writing cache for data.statpop.statpop__10fc00797ea0a06ee93dbb06adf1aa60
INFO:synpp:Finished running data.statpop.statpop__10fc00797ea0a06ee93dbb06adf1aa60.
INFO:synpp:Pipeline progress: 1/6 (16.67%)
INFO:synpp:Executing stage data.microcensus.persons__58df2d117fb52c6d86414767ceac33ad ...
INFO:synpp:Loading cache for data.microcensus.households__58df2d117fb52c6d86414767ceac33ad ...
INFO:synpp:Loading cache for data.microcensus.trips__6469babfa67ac3ae15ee813afc2e1aed ...
INFO:synpp:Writing cache for data.microcensus.persons__58df2d117fb52c6d86414767ceac33ad
INFO:synpp:Finished running data.microcensus.persons__58df2d117fb52c6d86414767ceac33ad.
INFO:synpp:Pipeline progress: 2/6 (33.33%)
INFO:synpp:Executing stage data.statpop.scaled__e422b5923d8d46c26a873fb04357fa74 ...
INFO:synpp:Loading cache for data.statpop.statpop__10fc00797ea0a06ee93dbb06adf1aa60 ...
INFO:synpp:Loading cache for data.statpop.projections.households__ceb6430740808c8248390a9a31fa3412 ...
INFO:synpp:Loading cache for data.statpop.projections.population__ceb6430740808c8248390a9a31fa3412 ...
INFO:synpp:Constructing separate IPU fitting problems by canton... 1 [2.07s/it] RT 2s
INFO:synpp:Constructing separate IPU fitting problems by canton... 2 [1.57s/it] RT 3s
INFO:synpp:Constructing separate IPU fitting problems by canton... 7 [1.68it/s] RT 4s
INFO:synpp:Constructing separate IPU fitting problems by canton... 11 [2.11it/s] RT 5s
INFO:synpp:Constructing separate IPU fitting problems by canton... 16 [2.56it/s] RT 6s
INFO:synpp:Constructing separate IPU fitting problems by canton... 19 [2.40it/s] RT 7s
INFO:synpp:Constructing separate IPU fitting problems by canton... 22 [2.29it/s] RT 9s
INFO:synpp:Constructing separate IPU fitting problems by canton... 25 [2.30it/s] RT 10s
Imputing 2225 municipality zones onto 7814203 home points by spatial join...
  Fixing 2403 points by centroid distance join...
Imputing 239 quarter zones onto 7814203 home points by spatial join...
Imputing 26 canton zones onto 7814203 home points by spatial join...
  Fixing 1063 points by centroid distance join...
Imputing ['quarter', 'municipality', 'country', 'nuts', 'postal_code'] zones for 7814203 points...
  Found zone of type quarter for 1298582 points
  Found zone of type municipality for 6515621 points
  Id country_id for zone type country not found in dataframe
  Id nuts_id for zone type nuts not found in dataframe
  Id postal_code for zone type postal_code not found in dataframe
Imputing population density within 2500.0 m of 7814203 home coordinates...
Imputing ÖV Güteklasse for 7814203 home coordinates...
  Removed 6514 (11.41%) persons from MZ because of insufficient trip data
  Percentage of agents staying home (not weighted): 3402 (9.40%)
Scaling STATPOP to year 2020 using IPU.
Number of households in household controls : 3817302
Number of persons in population controls : 8676062
Number of households before scaling : 3468232
Number of persons before scaling : 7814203
Constructed 26 IPU fitting problems.
Starting IPU.
INFO:synpp:Performing IPU on STATPOP by canton... 1/26 (3.85%) [10.34s/it] RT 10s ETA 04:18
INFO:synpp:Performing IPU on STATPOP by canton... 2/26 (7.69%) [16.68s/it] RT 33s ETA 06:40
INFO:synpp:Performing IPU on STATPOP by canton... 3/26 (11.54%) [12.83s/it] RT 38s ETA 04:54
INFO:synpp:Performing IPU on STATPOP by canton... 4/26 (15.38%) [11.38s/it] RT 45s ETA 04:10
INFO:synpp:Performing IPU on STATPOP by canton... 5/26 (19.23%) [10.15s/it] RT 50s ETA 03:33
INFO:synpp:Performing IPU on STATPOP by canton... 6/26 (23.08%) [9.35s/it] RT 56s ETA 03:07
INFO:synpp:Performing IPU on STATPOP by canton... 7/26 (26.92%) [9.47s/it] RT 01:06 ETA 02:59
INFO:synpp:Performing IPU on STATPOP by canton... 8/26 (30.77%) [11.39s/it] RT 01:31 ETA 03:25
INFO:synpp:Performing IPU on STATPOP by canton... 9/26 (34.62%) [11.39s/it] RT 01:42 ETA 03:13
INFO:synpp:Performing IPU on STATPOP by canton... 10/26 (38.46%) [11.98s/it] RT 01:59 ETA 03:11
INFO:synpp:Performing IPU on STATPOP by canton... 11/26 (42.31%) [11.83s/it] RT 02:10 ETA 02:57
INFO:synpp:Performing IPU on STATPOP by canton... 12/26 (46.15%) [11.53s/it] RT 02:18 ETA 02:41
INFO:synpp:Performing IPU on STATPOP by canton... 13/26 (50.00%) [10.81s/it] RT 02:20 ETA 02:20
INFO:synpp:Performing IPU on STATPOP by canton... 15/26 (57.69%) [10.43s/it] RT 02:36 ETA 01:54
INFO:synpp:Performing IPU on STATPOP by canton... 16/26 (61.54%) [10.67s/it] RT 02:50 ETA 01:46
INFO:synpp:Performing IPU on STATPOP by canton... 17/26 (65.38%) [11.68s/it] RT 03:18 ETA 01:45
INFO:synpp:Performing IPU on STATPOP by canton... 18/26 (69.23%) [11.40s/it] RT 03:25 ETA 01:31
INFO:synpp:Performing IPU on STATPOP by canton... 19/26 (73.08%) [11.21s/it] RT 03:32 ETA 01:18
INFO:synpp:Performing IPU on STATPOP by canton... 20/26 (76.92%) [12.62s/it] RT 04:12 ETA 01:15
INFO:synpp:Performing IPU on STATPOP by canton... 21/26 (80.77%) [12.24s/it] RT 04:16 ETA 01:01
INFO:synpp:Performing IPU on STATPOP by canton... 22/26 (84.62%) [11.85s/it] RT 04:20 ETA 47s
INFO:synpp:Performing IPU on STATPOP by canton... 23/26 (88.46%) [11.60s/it] RT 04:26 ETA 34s
INFO:synpp:Performing IPU on STATPOP by canton... 24/26 (92.31%) [11.51s/it] RT 04:36 ETA 23s
INFO:synpp:Performing IPU on STATPOP by canton... 25/26 (96.15%) [11.45s/it] RT 04:46 ETA 11s
INFO:synpp:Performing IPU on STATPOP by canton... 26/26 (100.00%) [11.66s/it] RT 05:03 ETA 0s
INFO:synpp:Writing cache for data.statpop.scaled__e422b5923d8d46c26a873fb04357fa74
INFO:synpp:Finished running data.statpop.scaled__e422b5923d8d46c26a873fb04357fa74.
INFO:synpp:Pipeline progress: 3/6 (50.00%)
INFO:synpp:Executing stage data.census.selected__3a2e95408e42f0918dc999855b212fdd ...
INFO:synpp:Loading cache for data.statpop.scaled__e422b5923d8d46c26a873fb04357fa74 ...
INFO:synpp:Writing cache for data.census.selected__3a2e95408e42f0918dc999855b212fdd
INFO:synpp:Finished running data.census.selected__3a2e95408e42f0918dc999855b212fdd.
INFO:synpp:Pipeline progress: 4/6 (66.67%)
INFO:synpp:Executing stage synthesis.population.sampled__3deb8d186681e9db5586ade370b41ca3 ...
INFO:synpp:Loading cache for data.census.selected__3a2e95408e42f0918dc999855b212fdd ...
INFO:synpp:Writing cache for synthesis.population.sampled__3deb8d186681e9db5586ade370b41ca3
INFO:synpp:Finished running synthesis.population.sampled__3deb8d186681e9db5586ade370b41ca3.
INFO:synpp:Pipeline progress: 5/6 (83.33%)
INFO:synpp:Executing stage synthesis.population.matched_recursive__36640e5e8872f251c4c2326435553ad5 ...
INFO:synpp:Loading cache for data.microcensus.persons__58df2d117fb52c6d86414767ceac33ad ...
INFO:synpp:Loading cache for synthesis.population.sampled__3deb8d186681e9db5586ade370b41ca3 ...
Traceback (most recent call last):
  File "/cluster/software/stacks/2024-06/spack/opt/spack/linux-ubuntu22.04-x86_64_v3/gcc-12.2.0/python-3.10.13-f2dq73rq2g6nuqmlbmfpcrfs6fe72i6f/lib/python3.10/runpy.py", line 196, in _run_module_as_main
    return _run_code(code, main_globals, None,
  File "/cluster/software/stacks/2024-06/spack/opt/spack/linux-ubuntu22.04-x86_64_v3/gcc-12.2.0/python-3.10.13-f2dq73rq2g6nuqmlbmfpcrfs6fe72i6f/lib/python3.10/runpy.py", line 86, in _run_code
    exec(code, run_globals)
  File "/cluster/project/cmdp/asallard/eqasim_venv/lib/python3.10/site-packages/synpp/__main__.py", line 14, in <module>
    synpp.run_from_yaml(config_path)
  File "/cluster/project/cmdp/asallard/eqasim_venv/lib/python3.10/site-packages/synpp/pipeline.py", line 886, in run_from_yaml
    Synpp.build_from_yml(path).run_pipeline()
  File "/cluster/project/cmdp/asallard/eqasim_venv/lib/python3.10/site-packages/synpp/pipeline.py", line 910, in run_pipeline
    return run(definitions, self.config, self.working_directory, flowchart_path=flowchart_path,
  File "/cluster/project/cmdp/asallard/eqasim_venv/lib/python3.10/site-packages/synpp/pipeline.py", line 810, in run
    result = stage["wrapper"].execute(context)
  File "/cluster/project/cmdp/asallard/eqasim_venv/lib/python3.10/site-packages/synpp/pipeline.py", line 88, in execute
    return self.instance.execute(context)
  File "/cluster/project/cmdp/asallard/eqasim/ch-zh-synpop/synthesis/population/matched_recursive.py", line 213, in execute
    df_assignment, levels = recursive_statistical_matching(
  File "/cluster/project/cmdp/asallard/eqasim/ch-zh-synpop/synthesis/population/matched_recursive.py", line 164, in recursive_statistical_matching
    df_matching, assigned_levels = statistical_matching(df_source, source_identifier, weight, df_target, target_identifier, columns, mandatory_columns,
  File "/cluster/project/cmdp/asallard/eqasim/ch-zh-synpop/synthesis/population/matched_recursive.py", line 49, in statistical_matching
    df_source = df_source[[source_identifier, weight] + columns].copy()
  File "/cluster/project/cmdp/asallard/eqasim_venv/lib/python3.10/site-packages/pandas/core/frame.py", line 3813, in __getitem__
    indexer = self.columns._get_indexer_strict(key, "columns")[1]
  File "/cluster/project/cmdp/asallard/eqasim_venv/lib/python3.10/site-packages/pandas/core/indexes/base.py", line 6070, in _get_indexer_strict
    self._raise_if_missing(keyarr, indexer, axis_name)
  File "/cluster/project/cmdp/asallard/eqasim_venv/lib/python3.10/site-packages/pandas/core/indexes/base.py", line 6133, in _raise_if_missing
    raise KeyError(f"{not_found} not in index")
KeyError: "['N_children_12'] not in index"
Convergence rate: 1.0
Generating new household ids.
Generating new person ids.
Number of households in household controls : 3817302
Number of persons in population controls : 8676062
Number of households after scaling : 3817302
Number of persons after scaling : 8672609
Downsampling (0.010000)
  Initial number of households: 3817302
  Initial number of persons: 8672609
  Sampled number of households: 38221
  Sampled number of persons: 86914
